SLF4J(W): No SLF4J providers were found.
SLF4J(W): Defaulting to no-operation (NOP) logger implementation
SLF4J(W): See https://www.slf4j.org/codes.html#noProviders for further details.
Mapped 1238 unique samples to runs.
Warning: Could not identify known sample in M-25-0323_Ctrl-1-Trip1_UDP0371-UDP0371_L002_R1_001
Warning: Could not identify known sample in M-25-0323_Ctrl-1-Trip1_UDP0371-UDP0371_L002_R2_001
Warning: Could not identify known sample in M-25-0530_62PRr2_UDP0354-UDP0354_L002_R1_001
Warning: Could not identify known sample in M-25-0530_62PRr2_UDP0354-UDP0354_L002_R2_001
Warning: Could not identify known sample in M-25-0531_62Sr3_UDP0353-UDP0353_L002_R1_001
Warning: Could not identify known sample in M-25-0531_62Sr3_UDP0353-UDP0353_L002_R2_001
Warning: Could not identify known sample in M-25-0532_63PRr3_UDP0362-UDP0362_L002_R1_001
Warning: Could not identify known sample in M-25-0532_63PRr3_UDP0362-UDP0362_L002_R2_001
Warning: Could not identify known sample in M-25-0533_63Sr3_UDP0359-UDP0359_L002_R1_001
Warning: Could not identify known sample in M-25-0533_63Sr3_UDP0359-UDP0359_L002_R2_001
Warning: Could not identify known sample in M-25-0534_64Dr3_UDP0364-UDP0364_L002_R1_001
Warning: Could not identify known sample in M-25-0534_64Dr3_UDP0364-UDP0364_L002_R2_001
Warning: Could not identify known sample in M-25-0535_64PRr2_UDP0369-UDP0369_L002_R1_001
Warning: Could not identify known sample in M-25-0535_64PRr2_UDP0369-UDP0369_L002_R2_001
Warning: Could not identify known sample in M-25-0536_64PRr3_UDP0370-UDP0370_L002_R1_001
Warning: Could not identify known sample in M-25-0536_64PRr3_UDP0370-UDP0370_L002_R2_001
Warning: Could not identify known sample in M-25-0537_64Sr1_UDP0365-UDP0365_L002_R1_001
Warning: Could not identify known sample in M-25-0537_64Sr1_UDP0365-UDP0365_L002_R2_001
Warning: Could not identify known sample in M-25-0538_64Sr2_UDP0366-UDP0366_L002_R1_001
Warning: Could not identify known sample in M-25-0538_64Sr2_UDP0366-UDP0366_L002_R2_001
Warning: Could not identify known sample in M-25-0539_64Sr3_UDP0367-UDP0367_L002_R1_001
Warning: Could not identify known sample in M-25-0539_64Sr3_UDP0367-UDP0367_L002_R2_001
Warning: Could not identify known sample in M-25-0553_Ctrl-2_UDP0372-UDP0372_L002_R1_001
Warning: Could not identify known sample in M-25-0553_Ctrl-2_UDP0372-UDP0372_L002_R2_001
Warning: Could not identify known sample in M-25-0554_Ctrl-3_UDP0373-UDP0373_L002_R1_001
Warning: Could not identify known sample in M-25-0554_Ctrl-3_UDP0373-UDP0373_L002_R2_001
Warning: Could not identify known sample in M-25-0555_PCR-Ctrl-Trip1_UDP0374-UDP0374_L002_R1_001
Warning: Could not identify known sample in M-25-0555_PCR-Ctrl-Trip1_UDP0374-UDP0374_L002_R2_001
Warning: Could not identify known sample in M-25-0556_41-MR-MD1_SU0001-SU0001_L002_R1_001
Warning: Could not identify known sample in M-25-0556_41-MR-MD1_SU0001-SU0001_L002_R2_001
Warning: Could not identify known sample in M-25-0557_55-MR-SR1_SU0433-SU0433_L002_R1_001
Warning: Could not identify known sample in M-25-0557_55-MR-SR1_SU0433-SU0433_L002_R2_001
Warning: Could not identify known sample in M-25-0558_59-MR-MD1_SU0445-SU0445_L002_R1_001
Warning: Could not identify known sample in M-25-0558_59-MR-MD1_SU0445-SU0445_L002_R2_001
Warning: Could not identify known sample in M-25-0559_59-MR-MD2_SU0037-SU0037_L002_R1_001
Warning: Could not identify known sample in M-25-0559_59-MR-MD2_SU0037-SU0037_L002_R2_001
Warning: Could not identify known sample in M-25-0560_59-MR-SRR1_SU0049-SU0049_L002_R1_001
Warning: Could not identify known sample in M-25-0560_59-MR-SRR1_SU0049-SU0049_L002_R2_001
Warning: Could not identify known sample in M-25-0561_60-MR-MD2_SU0061-SU0061_L002_R1_001
Warning: Could not identify known sample in M-25-0561_60-MR-MD2_SU0061-SU0061_L002_R2_001
Warning: Could not identify known sample in M-25-0562_60-MR-BF1_SU0073-SU0073_L002_R1_001
Warning: Could not identify known sample in M-25-0562_60-MR-BF1_SU0073-SU0073_L002_R2_001
Warning: Could not identify known sample in M-25-0563_60-MR-WR1_SU0085-SU0085_L002_R1_001
Warning: Could not identify known sample in M-25-0563_60-MR-WR1_SU0085-SU0085_L002_R2_001
Warning: Could not identify known sample in M-25-0564_EBT_SU0026-SU0026_L002_R1_001
Warning: Could not identify known sample in M-25-0564_EBT_SU0026-SU0026_L002_R2_001
Warning: Could not identify known sample in M-25-0565_CW_SU0421-SU0421_L002_R1_001
Warning: Could not identify known sample in M-25-0565_CW_SU0421-SU0421_L002_R2_001
Warning: Could not identify known sample in M-25-0566_EBK_SU0027-SU0027_L002_R1_001
Warning: Could not identify known sample in M-25-0566_EBK_SU0027-SU0027_L002_R2_001
Warning: Could not identify known sample in M-25-0567_59-MR-WR2_SU0039-SU0039_L002_R1_001
Warning: Could not identify known sample in M-25-0567_59-MR-WR2_SU0039-SU0039_L002_R2_001
Warning: Could not identify known sample in M-25-0568_59-MR-WR1_SU0044-SU0044_L002_R1_001
Warning: Could not identify known sample in M-25-0568_59-MR-WR1_SU0044-SU0044_L002_R2_001
Warning: Could not identify known sample in M-25-0569_60GI_SU0063-SU0063_L002_R1_001
Warning: Could not identify known sample in M-25-0569_60GI_SU0063-SU0063_L002_R2_001
Warning: Could not identify known sample in M-25-0570_RBF_SU0075-SU0075_L002_R1_001
Warning: Could not identify known sample in M-25-0570_RBF_SU0075-SU0075_L002_R2_001
Warning: Could not identify known sample in M-25-0571_GBF_SU0087-SU0087_L002_R1_001
Warning: Could not identify known sample in M-25-0571_GBF_SU0087-SU0087_L002_R2_001
Warning: Could not identify known sample in M-25-0572_GC_SU0050-SU0050_L002_R1_001
Warning: Could not identify known sample in M-25-0572_GC_SU0050-SU0050_L002_R2_001
Warning: Could not identify known sample in M-25-0573_T25S_SU0584-SU0584_L002_R1_001
Warning: Could not identify known sample in M-25-0573_T25S_SU0584-SU0584_L002_R2_001
Warning: Could not identify known sample in M-25-0574_T25D_SU0596-SU0596_L002_R1_001
Warning: Could not identify known sample in M-25-0574_T25D_SU0596-SU0596_L002_R2_001
Warning: Could not identify known sample in M-25-0575_T27D_SU0620-SU0620_L002_R1_001
Warning: Could not identify known sample in M-25-0575_T27D_SU0620-SU0620_L002_R2_001
Warning: Could not identify known sample in M-25-0576_T28S_SU0632-SU0632_L002_R1_001
Warning: Could not identify known sample in M-25-0576_T28S_SU0632-SU0632_L002_R2_001
Warning: Could not identify known sample in M-25-0577_T28D_SU0644-SU0644_L002_R1_001
Warning: Could not identify known sample in M-25-0577_T28D_SU0644-SU0644_L002_R2_001
Warning: Could not identify known sample in M-25-0578_T29S_SU0656-SU0656_L002_R1_001
Warning: Could not identify known sample in M-25-0578_T29S_SU0656-SU0656_L002_R2_001
Warning: Could not identify known sample in M-25-0579_25D-3_SU0597-SU0597_L002_R1_001
Warning: Could not identify known sample in M-25-0579_25D-3_SU0597-SU0597_L002_R2_001
Warning: Could not identify known sample in M-25-0580_25D-4_SU0609-SU0609_L002_R1_001
Warning: Could not identify known sample in M-25-0580_25D-4_SU0609-SU0609_L002_R2_001
Warning: Could not identify known sample in M-25-0581_25D-5_SU0621-SU0621_L002_R1_001
Warning: Could not identify known sample in M-25-0581_25D-5_SU0621-SU0621_L002_R2_001
Warning: Could not identify known sample in M-25-0582_25D-6_SU0633-SU0633_L002_R1_001
Warning: Could not identify known sample in M-25-0582_25D-6_SU0633-SU0633_L002_R2_001
Warning: Could not identify known sample in M-25-0583_25D-7_SU0645-SU0645_L002_R1_001
Warning: Could not identify known sample in M-25-0583_25D-7_SU0645-SU0645_L002_R2_001
Warning: Could not identify known sample in M-25-0584_25D-8_SU0657-SU0657_L002_R1_001
Warning: Could not identify known sample in M-25-0584_25D-8_SU0657-SU0657_L002_R2_001
Warning: Could not identify known sample in M-25-0585_25D-9_SU0669-SU0669_L002_R1_001
Warning: Could not identify known sample in M-25-0585_25D-9_SU0669-SU0669_L002_R2_001
Warning: Could not identify known sample in M-25-0586_28D-1_SU0622-SU0622_L002_R1_001
Warning: Could not identify known sample in M-25-0586_28D-1_SU0622-SU0622_L002_R2_001
Warning: Could not identify known sample in M-25-0587_28D-3_SU0646-SU0646_L002_R1_001
Warning: Could not identify known sample in M-25-0587_28D-3_SU0646-SU0646_L002_R2_001
Warning: Could not identify known sample in M-25-0588_29S-1_SU0658-SU0658_L002_R1_001
Warning: Could not identify known sample in M-25-0588_29S-1_SU0658-SU0658_L002_R2_001
Warning: Could not identify known sample in M-25-0589_29S-2_SU0670-SU0670_L002_R1_001
Warning: Could not identify known sample in M-25-0589_29S-2_SU0670-SU0670_L002_R2_001
Warning: Could not identify known sample in M-25-0590_52S_SU0583-SU0583_L002_R1_001
Warning: Could not identify known sample in M-25-0590_52S_SU0583-SU0583_L002_R2_001
Warning: Could not identify known sample in M-25-0591_52M_SU0595-SU0595_L002_R1_001
Warning: Could not identify known sample in M-25-0591_52M_SU0595-SU0595_L002_R2_001
Warning: Could not identify known sample in M-25-0684_SEB_SU0168-SU0168_L002_R1_001
Warning: Could not identify known sample in M-25-0684_SEB_SU0168-SU0168_L002_R2_001
Warning: Could not identify known sample in M-25-0861_61Sr2_SU0357-SU0357_L002_R1_001
Warning: Could not identify known sample in M-25-0861_61Sr2_SU0357-SU0357_L002_R2_001
Warning: Could not identify known sample in M-25-0870_Neg-Ctrl-1-Trip2_SU0335-SU0335_L002_R1_001
Warning: Could not identify known sample in M-25-0870_Neg-Ctrl-1-Trip2_SU0335-SU0335_L002_R2_001
Warning: Could not identify known sample in M-25-0871_Neg-Ctrl-2-Trip2_SU0347-SU0347_L002_R1_001
Warning: Could not identify known sample in M-25-0871_Neg-Ctrl-2-Trip2_SU0347-SU0347_L002_R2_001
Warning: Could not identify known sample in M-25-0872_TMC1_SU0359-SU0359_L002_R1_001
Warning: Could not identify known sample in M-25-0872_TMC1_SU0359-SU0359_L002_R2_001
Warning: Could not identify known sample in M-25-0874_Positive_SU0300-SU0300_L002_R1_001
Warning: Could not identify known sample in M-25-0874_Positive_SU0300-SU0300_L002_R2_001
Warning: Could not identify known sample in M-25-0875_NTC-2_SU0312-SU0312_L002_R1_001
Warning: Could not identify known sample in M-25-0875_NTC-2_SU0312-SU0312_L002_R2_001
Warning: Could not identify known sample in M-25-0929_Extraction-Ctrl-Pro-Trip1_UDP0384-UDP0384_L002_R1_001
Warning: Could not identify known sample in M-25-0929_Extraction-Ctrl-Pro-Trip1_UDP0384-UDP0384_L002_R2_001
Loading rubalkhali_sra.owl to map ERR to RAK...
Mapped 1242 ERRs to RAK IDs.
Generated rubalkhali_qc.owl
